C:/TouchGFXProjects/SpO_2_Complete_Fixed_v17_Phuc/v17work/TouchGFX/target/STM32TouchController.cpp:51:6:virtual void STM32TouchController::init()	0	static
C:/TouchGFXProjects/SpO_2_Complete_Fixed_v17_Phuc/v17work/TouchGFX/target/STM32TouchController.cpp:62:6:virtual bool STM32TouchController::sampleTouch(int32_t&, int32_t&)	0	static
../../TouchGFX/target/STM32TouchController.hpp:36:7:STM32TouchController::~STM32TouchController()	0	static
../../TouchGFX/target/STM32TouchController.hpp:36:7:virtual STM32TouchController::~STM32TouchController()	8	static
C:/TouchGFXProjects/SpO_2_Complete_Fixed_v17_Phuc/v17work/TouchGFX/target/STM32TouchController.cpp:76:9:uint8_t BSP_TS_Init(uint16_t, uint16_t)	16	static
C:/TouchGFXProjects/SpO_2_Complete_Fixed_v17_Phuc/v17work/TouchGFX/target/STM32TouchController.cpp:107:6:void BSP_TS_GetState(TS_StateTypeDef*)	32	static
