C:/TouchGFXProjects/SpO_2_Complete_Fixed_v17_Phuc/v17work/Core/Src/main.c:1005:13:SPI5_Write	1
C:/TouchGFXProjects/SpO_2_Complete_Fixed_v17_Phuc/v17work/Core/Src/main.c:155:13:I2C3_BusLock	3
C:/TouchGFXProjects/SpO_2_Complete_Fixed_v17_Phuc/v17work/Core/Src/main.c:163:13:I2C3_BusUnlock	3
C:/TouchGFXProjects/SpO_2_Complete_Fixed_v17_Phuc/v17work/Core/Src/main.c:843:6:IOE_Init	1
C:/TouchGFXProjects/SpO_2_Complete_Fixed_v17_Phuc/v17work/Core/Src/main.c:852:6:IOE_ITConfig	1
C:/TouchGFXProjects/SpO_2_Complete_Fixed_v17_Phuc/v17work/Core/Src/main.c:864:6:IOE_Write	1
C:/TouchGFXProjects/SpO_2_Complete_Fixed_v17_Phuc/v17work/Core/Src/main.c:875:9:IOE_Read	1
C:/TouchGFXProjects/SpO_2_Complete_Fixed_v17_Phuc/v17work/Core/Src/main.c:888:10:IOE_ReadMultiple	1
C:/TouchGFXProjects/SpO_2_Complete_Fixed_v17_Phuc/v17work/Core/Src/main.c:897:6:IOE_Delay	1
C:/TouchGFXProjects/SpO_2_Complete_Fixed_v17_Phuc/v17work/Core/Src/main.c:1031:6:LCD_IO_Init	1
C:/TouchGFXProjects/SpO_2_Complete_Fixed_v17_Phuc/v17work/Core/Src/main.c:1041:6:LCD_IO_WriteData	1
C:/TouchGFXProjects/SpO_2_Complete_Fixed_v17_Phuc/v17work/Core/Src/main.c:1057:6:LCD_IO_WriteReg	1
C:/TouchGFXProjects/SpO_2_Complete_Fixed_v17_Phuc/v17work/Core/Src/main.c:1076:10:LCD_IO_ReadData	1
C:/TouchGFXProjects/SpO_2_Complete_Fixed_v17_Phuc/v17work/Core/Src/main.c:1103:6:LCD_Delay	1
C:/TouchGFXProjects/SpO_2_Complete_Fixed_v17_Phuc/v17work/Core/Src/main.c:1166:6:HAL_TIM_PeriodElapsedCallback	2
C:/TouchGFXProjects/SpO_2_Complete_Fixed_v17_Phuc/v17work/Core/Src/main.c:1184:6:Error_Handler	1
C:/TouchGFXProjects/SpO_2_Complete_Fixed_v17_Phuc/v17work/Core/Src/main.c:478:13:MX_I2C3_Init	3
C:/TouchGFXProjects/SpO_2_Complete_Fixed_v17_Phuc/v17work/Core/Src/main.c:1117:6:StartDefaultTask	4
C:/TouchGFXProjects/SpO_2_Complete_Fixed_v17_Phuc/v17work/Core/Src/main.c:362:6:SystemClock_Config	3
C:/TouchGFXProjects/SpO_2_Complete_Fixed_v17_Phuc/v17work/Core/Src/main.c:241:5:main	13
