C:/TouchGFXProjects/SpO_2_Complete_Fixed_v17_Phuc/v17work/Core/Src/max30102.c:34:24:write_reg	56	static
C:/TouchGFXProjects/SpO_2_Complete_Fixed_v17_Phuc/v17work/Core/Src/max30102.c:57:24:read_regs	48	static
C:/TouchGFXProjects/SpO_2_Complete_Fixed_v17_Phuc/v17work/Core/Src/max30102.c:82:17:MAX30102_ReadPartId	16	static
C:/TouchGFXProjects/SpO_2_Complete_Fixed_v17_Phuc/v17work/Core/Src/max30102.c:98:17:MAX30102_Reset	24	static
C:/TouchGFXProjects/SpO_2_Complete_Fixed_v17_Phuc/v17work/Core/Src/max30102.c:124:17:MAX30102_ClearFIFO	48	static
C:/TouchGFXProjects/SpO_2_Complete_Fixed_v17_Phuc/v17work/Core/Src/max30102.c:147:17:MAX30102_DiagnoseBus	8	static
C:/TouchGFXProjects/SpO_2_Complete_Fixed_v17_Phuc/v17work/Core/Src/max30102.c:277:17:MAX30102_SetLedCurrent	16	static
C:/TouchGFXProjects/SpO_2_Complete_Fixed_v17_Phuc/v17work/Core/Src/max30102.c:184:17:MAX30102_InitDefault	24	static
C:/TouchGFXProjects/SpO_2_Complete_Fixed_v17_Phuc/v17work/Core/Src/max30102.c:293:17:MAX30102_Shutdown	24	static
C:/TouchGFXProjects/SpO_2_Complete_Fixed_v17_Phuc/v17work/Core/Src/max30102.c:310:17:MAX30102_ReadAvailable	232	static
C:/TouchGFXProjects/SpO_2_Complete_Fixed_v17_Phuc/v17work/Core/Src/max30102.c:366:17:MAX30102_ReadDiagnostic	32	static
C:/TouchGFXProjects/SpO_2_Complete_Fixed_v17_Phuc/v17work/Core/Src/max30102.c:416:17:MAX30102_ForceMeasurement	24	static
