C:/TouchGFXProjects/SpO_2_Complete_Fixed_v17_Phuc/v17work/Core/Src/stm32f4xx_it.c:74:6:NMI_Handler	0	static
C:/TouchGFXProjects/SpO_2_Complete_Fixed_v17_Phuc/v17work/Core/Src/stm32f4xx_it.c:87:6:HardFault_Handler	8	static
C:/TouchGFXProjects/SpO_2_Complete_Fixed_v17_Phuc/v17work/Core/Src/stm32f4xx_it.c:105:6:MemManage_Handler	0	static
C:/TouchGFXProjects/SpO_2_Complete_Fixed_v17_Phuc/v17work/Core/Src/stm32f4xx_it.c:120:6:BusFault_Handler	0	static
C:/TouchGFXProjects/SpO_2_Complete_Fixed_v17_Phuc/v17work/Core/Src/stm32f4xx_it.c:135:6:UsageFault_Handler	0	static
C:/TouchGFXProjects/SpO_2_Complete_Fixed_v17_Phuc/v17work/Core/Src/stm32f4xx_it.c:150:6:DebugMon_Handler	0	static
C:/TouchGFXProjects/SpO_2_Complete_Fixed_v17_Phuc/v17work/Core/Src/stm32f4xx_it.c:170:6:TIM6_DAC_IRQHandler	0	static
C:/TouchGFXProjects/SpO_2_Complete_Fixed_v17_Phuc/v17work/Core/Src/stm32f4xx_it.c:185:6:LTDC_IRQHandler	0	static
C:/TouchGFXProjects/SpO_2_Complete_Fixed_v17_Phuc/v17work/Core/Src/stm32f4xx_it.c:193:6:DMA2D_IRQHandler	0	static
C:/TouchGFXProjects/SpO_2_Complete_Fixed_v17_Phuc/v17work/Core/Src/stm32f4xx_it.c:208:6:DMA2_Stream7_IRQHandler	0	static
