../../TouchGFX/gui/include/gui/screen2_screen/Screen2Presenter.hpp:30:13:Screen2Presenter::~Screen2Presenter()	0	static
C:/TouchGFXProjects/SpO_2_Complete_Fixed_v17_Phuc/v17work/TouchGFX/gui/src/screen2_screen/Screen2Presenter.cpp:31:6:virtual void Screen2Presenter::deactivate()	0	static
../../TouchGFX/gui/include/gui/screen2_screen/Screen2Presenter.hpp:30:13:virtual Screen2Presenter::~Screen2Presenter()	8	static
C:/TouchGFXProjects/SpO_2_Complete_Fixed_v17_Phuc/v17work/TouchGFX/gui/src/screen2_screen/Screen2Presenter.cpp:10:6:virtual void Screen2Presenter::activate()	1312	static
C:/TouchGFXProjects/SpO_2_Complete_Fixed_v17_Phuc/v17work/TouchGFX/gui/src/screen2_screen/Screen2Presenter.cpp:36:6:virtual void Screen2Presenter::onSpO2DataChanged(const SpO2UiData&)	0	static
../../TouchGFX/gui/include/gui/screen2_screen/Screen2Presenter.hpp:30:13:virtual void* Screen2Presenter::_ZThn4_N16Screen2PresenterD1Ev()	0	static
C:/TouchGFXProjects/SpO_2_Complete_Fixed_v17_Phuc/v17work/TouchGFX/gui/src/screen2_screen/Screen2Presenter.cpp:4:1:Screen2Presenter::Screen2Presenter(Screen2View&)	0	static
