../../TouchGFX/gui/include/gui/screen1_screen/Screen1Presenter.hpp:30:13:Screen1Presenter::~Screen1Presenter()	0	static
C:/TouchGFXProjects/SpO_2_Complete_Fixed_v17_Phuc/v17work/TouchGFX/gui/src/screen1_screen/Screen1Presenter.cpp:10:6:virtual void Screen1Presenter::activate()	0	static
../../TouchGFX/gui/include/gui/screen1_screen/Screen1Presenter.hpp:30:13:virtual Screen1Presenter::~Screen1Presenter()	8	static
C:/TouchGFXProjects/SpO_2_Complete_Fixed_v17_Phuc/v17work/TouchGFX/gui/src/screen1_screen/Screen1Presenter.cpp:20:6:virtual void Screen1Presenter::onSpO2DataChanged(const SpO2UiData&)	0	static
../../TouchGFX/gui/include/gui/screen1_screen/Screen1Presenter.hpp:30:13:virtual void* Screen1Presenter::_ZThn4_N16Screen1PresenterD1Ev()	0	static
C:/TouchGFXProjects/SpO_2_Complete_Fixed_v17_Phuc/v17work/TouchGFX/gui/src/screen1_screen/Screen1Presenter.cpp:4:1:Screen1Presenter::Screen1Presenter(Screen1View&)	0	static
